__text_start T ffffffff80010000 	C:/Users/neila/Documents/ps1audioplayer/main.c:57
setup_context T ffffffff80010000 108	C:/Users/neila/Documents/ps1audioplayer/main.c:57
main T ffffffff80010108 20c	C:/Users/neila/Documents/ps1audioplayer/main.c:133
_vblank_handler t ffffffff80010314 40	D:/a/PSn00bSDK/PSn00bSDK/sdk/libpsn00b/psxgpu/common.c:40
_process_drawop t ffffffff80010354 bc	D:/a/PSn00bSDK/PSn00bSDK/sdk/libpsn00b/psxgpu/common.c:47
_gpu_irq_handler t ffffffff80010410 4c	D:/a/PSn00bSDK/PSn00bSDK/sdk/libpsn00b/psxgpu/common.c:68
_gpu_dma_handler t ffffffff8001045c 40	D:/a/PSn00bSDK/PSn00bSDK/sdk/libpsn00b/psxgpu/common.c:75
_default_vsync_halt t ffffffff8001049c 70	D:/a/PSn00bSDK/PSn00bSDK/sdk/libpsn00b/psxgpu/common.c:131
ResetGraph T ffffffff8001050c 190	D:/a/PSn00bSDK/PSn00bSDK/sdk/libpsn00b/psxgpu/common.c:82
VSync T ffffffff8001069c 124	D:/a/PSn00bSDK/PSn00bSDK/sdk/libpsn00b/psxgpu/common.c:143
SetDrawOpType T ffffffff800107c0 10	D:/a/PSn00bSDK/PSn00bSDK/sdk/libpsn00b/psxgpu/common.c:195
EnqueueDrawOp T ffffffff800107d0 134	D:/a/PSn00bSDK/PSn00bSDK/sdk/libpsn00b/psxgpu/common.c:199
DrawSync T ffffffff80010904 fc	D:/a/PSn00bSDK/PSn00bSDK/sdk/libpsn00b/psxgpu/common.c:239
_send_linked_list T ffffffff80010a00 64	D:/a/PSn00bSDK/PSn00bSDK/sdk/libpsn00b/psxgpu/drawing.c:15
ClearOTagR T ffffffff80010a64 98	D:/a/PSn00bSDK/PSn00bSDK/sdk/libpsn00b/psxgpu/drawing.c:120
_build_drawenv_ot t ffffffff80010afc 228	D:/a/PSn00bSDK/PSn00bSDK/sdk/libpsn00b/psxgpu/env.c:37
SetDefDrawEnv T ffffffff80010d24 b8	D:/a/PSn00bSDK/PSn00bSDK/sdk/libpsn00b/psxgpu/env.c:81
DrawOTagEnv T ffffffff80010ddc 78	D:/a/PSn00bSDK/PSn00bSDK/sdk/libpsn00b/psxgpu/env.c:107
SetDefDispEnv T ffffffff80010e54 90	D:/a/PSn00bSDK/PSn00bSDK/sdk/libpsn00b/psxgpu/env.c:149
PutDispEnv T ffffffff80010ee4 218	D:/a/PSn00bSDK/PSn00bSDK/sdk/libpsn00b/psxgpu/env.c:169
SetDispMask T ffffffff800110fc 2c	D:/a/PSn00bSDK/PSn00bSDK/sdk/libpsn00b/psxgpu/env.c:276
FntLoad T ffffffff80011128 20c	D:/a/PSn00bSDK/PSn00bSDK/sdk/libpsn00b/psxgpu/font.c:27
FntSort T ffffffff80011334 218	D:/a/PSn00bSDK/PSn00bSDK/sdk/libpsn00b/psxgpu/font.c:234
_dma_transfer t ffffffff8001154c 1bc	D:/a/PSn00bSDK/PSn00bSDK/sdk/libpsn00b/psxgpu/image.c:30
LoadImage T ffffffff80011708 e8	D:/a/PSn00bSDK/PSn00bSDK/sdk/libpsn00b/psxgpu/image.c:72
GetTimInfo T ffffffff800117f0 cc	D:/a/PSn00bSDK/PSn00bSDK/sdk/libpsn00b/psxgpu/image.c:186
_global_dma_handler t ffffffff800118bc e8	D:/a/PSn00bSDK/PSn00bSDK/sdk/libpsn00b/psxetc/interrupts.c:79
_global_isr t ffffffff800119a4 ec	D:/a/PSn00bSDK/PSn00bSDK/sdk/libpsn00b/psxetc/interrupts.c:57
InterruptCallback T ffffffff80011a90 c8	D:/a/PSn00bSDK/PSn00bSDK/sdk/libpsn00b/psxetc/interrupts.c:103
DMACallback T ffffffff80011b58 13c	D:/a/PSn00bSDK/PSn00bSDK/sdk/libpsn00b/psxetc/interrupts.c:125
SetDMAPriority T ffffffff80011c94 ac	D:/a/PSn00bSDK/PSn00bSDK/sdk/libpsn00b/psxetc/interrupts.c:160
RestartCallback T ffffffff80011d40 c8	D:/a/PSn00bSDK/PSn00bSDK/sdk/libpsn00b/psxetc/interrupts.c:203
ResetCallback T ffffffff80011e08 d8	D:/a/PSn00bSDK/PSn00bSDK/sdk/libpsn00b/psxetc/interrupts.c:183
EnterCriticalSection T ffffffff80011ee0 	D:/a/PSn00bSDK/PSn00bSDK/sdk/libpsn00b/psxapi/_syscalls.s:13
ExitCriticalSection T ffffffff80011ef0 	D:/a/PSn00bSDK/PSn00bSDK/sdk/libpsn00b/psxapi/_syscalls.s:24
_96_remove T ffffffff80011f00 	D:/a/PSn00bSDK/PSn00bSDK/sdk/libpsn00b/psxapi/drivers.s:31
printf T ffffffff80011f0c 	D:/a/PSn00bSDK/PSn00bSDK/sdk/libpsn00b/psxapi/stdio.s:119
ReturnFromException T ffffffff80011f18 	D:/a/PSn00bSDK/PSn00bSDK/sdk/libpsn00b/psxapi/sys.s:265
HookEntryInt T ffffffff80011f24 	D:/a/PSn00bSDK/PSn00bSDK/sdk/libpsn00b/psxapi/sys.s:281
ChangeClearPAD T ffffffff80011f30 	D:/a/PSn00bSDK/PSn00bSDK/sdk/libpsn00b/psxapi/sys.s:313
ChangeClearRCnt T ffffffff80011f3c 	D:/a/PSn00bSDK/PSn00bSDK/sdk/libpsn00b/psxapi/sys.s:355
_start W ffffffff80011f48 	D:/a/PSn00bSDK/PSn00bSDK/sdk/libpsn00b/libc/_start.s:16
InitHeap W ffffffff80011f58 2c	D:/a/PSn00bSDK/PSn00bSDK/sdk/libpsn00b/libc/malloc.c:40
sbrk W ffffffff80011f84 44	D:/a/PSn00bSDK/PSn00bSDK/sdk/libpsn00b/libc/malloc.c:53
TrackHeapUsage W ffffffff80011fc8 30	D:/a/PSn00bSDK/PSn00bSDK/sdk/libpsn00b/libc/malloc.c:64
free W ffffffff80011ff8 150	D:/a/PSn00bSDK/PSn00bSDK/sdk/libpsn00b/libc/malloc.c:236
_start_inner T ffffffff80012148 128	D:/a/PSn00bSDK/PSn00bSDK/sdk/libpsn00b/libc/start.c:73
toupper T ffffffff80012270 20	D:/a/PSn00bSDK/PSn00bSDK/sdk/libpsn00b/libc/string.c:48
__func__.0 r ffffffff80012368 e
__func__.2 r ffffffff800123ac b
__func__.1 r ffffffff800123e4 b
__func__.2 r ffffffff800123f0 e
__func__.6 r ffffffff80012400 c
__func__.7 r ffffffff8001240c e
__func__.0 r ffffffff800124f8 b
__func__.7 r ffffffff80012504 a
__func__.1 r ffffffff80012584 f
__func__.3 r ffffffff80012594 c
__func__.5 r ffffffff800125a0 12
_isr_jmp_buf r ffffffff800125b4 30
__CTOR_LIST__ D ffffffff80012600 
__CTOR_END__ D ffffffff80012608 
__DTOR_LIST__ D ffffffff80012610 
__DTOR_END__ D ffffffff80012618 
_gpu_debug_font D ffffffff80012618 840
_gpu_debug_font_end d ffffffff80012e58 
_vsync_halt_func d ffffffff80012e58 4
__func__.0 d ffffffff80012e5c 8
__func__.4 d ffffffff80012e64 8
__bss_start B ffffffff80012e6c 
_last_hblank b ffffffff80012e6c 2
_last_vblank b ffffffff80012e70 4
_vblank_counter b ffffffff80012e74 4
_drawop_type b ffffffff80012e78 1
_queue_length b ffffffff80012e79 1
_queue_tail b ffffffff80012e7a 1
_queue_head b ffffffff80012e7b 1
_drawsync_callback b ffffffff80012e7c 4
_vsync_callback b ffffffff80012e80 4
_gpu_video_mode B ffffffff80012e84 4
_font_clut B ffffffff80012e88 2
_font_tpage B ffffffff80012e8a 2
_nstreams b ffffffff80012e8c 4
_next_saved_rect b ffffffff80012e90 4
_isr_installed b ffffffff80012e94 4
_saved_dma_dicr b ffffffff80012e98 4
_saved_dma_dpcr b ffffffff80012e9c 4
_saved_irq_mask b ffffffff80012ea0 2
_num_dma_handlers b ffffffff80012ea4 4
_alloc_tail b ffffffff80012ea8 4
_alloc_head b ffffffff80012eac 4
_alloc_start b ffffffff80012eb0 4
_heap_alloc_max b ffffffff80012eb4 4
_heap_alloc b ffffffff80012eb8 4
_heap_limit b ffffffff80012ebc 4
_heap_end b ffffffff80012ec0 4
_heap_start b ffffffff80012ec4 4
__argv B ffffffff80012ec8 4
__argc B ffffffff80012ecc 4
_draw_queue b ffffffff80012ed0 100
_stream b ffffffff80012fd0 e0
_saved_rects b ffffffff800130b0 80
_isr_stack b ffffffff80013130 1000
_dma_handlers b ffffffff80014130 1c
_irq_handlers b ffffffff8001414c 2c
_end B ffffffff80014178 
_gp d ffffffff8001ae50 
